// Jest Snapshot v1, https://goo.gl/fbAQLP

exports[`MyDocument renders correctly 1`] = `
<DocumentFragment>
  <link
    href="/app/favicon.ico"
    rel="icon"
  />
  <div
    id="__next"
  >
    <main />
    <script />
  </div>
</DocumentFragment>
`;
