// Jest Snapshot v1, https://goo.gl/fbAQLP

exports[`MyApp renders correctly 1`] = `
<DocumentFragment>
  <div>
    <h2
      class="error-message"
    >
      Something went wrong
    </h2>
    <button>
      Go Search
    </button>
  </div>
</DocumentFragment>
`;
